Found 180 test(s).
System check identified no issues (0 silenced).
